[+] Containers:
 |- [+] Container: /Game/Assets/CowboyHunt
 |   |- [+] ActorDescs:
 |   |   |- Guid:4776F169442D7345FD8875A4867A13CF BaseClass: NativeClass:/Script/Engine.WorldDataLayers Name:WorldDataLayers Label:None SpatiallyLoaded:0 Bounds:Invalid RuntimeGrid:None EditorOnly:0 RuntimeOnly:0 HLODRelevant:0 ListedInSceneOutliner:1 IsMainWorldOnly:1
 |   |- [+] Clusters:
 |   |   |- [+] [  0]
 |   |   |   |- Guid:4776F169442D7345FD8875A4867A13CF BaseClass: NativeClass:/Script/Engine.WorldDataLayers Name:WorldDataLayers Label:None SpatiallyLoaded:0 Bounds:Invalid RuntimeGrid:None EditorOnly:0 RuntimeOnly:0 HLODRelevant:0 ListedInSceneOutliner:1 IsMainWorldOnly:1
 |- ContainerInstances:
 |- [+] MainContainer:
 |   |-        ID: 00000000000000000000000000000000
 |   |-  ParentID: 00000000000000000000000000000000
 |   |-    Bounds: IsValid=false, Min=(X=0.000 Y=0.000 Z=0.000), Max=(X=0.000 Y=0.000 Z=0.000)
 |   |- Transform: 0.000000,0.000000,0.000000|0.000000,0.000000,-0.000000|1.000000,1.000000,1.000000
 |   |- Container: /Game/Assets/CowboyHunt
----------------------------------------------------------------------------------------------------------------
CowboyHunt - Persistent Level
----------------------------------------------------------------------------------------------------------------
[+] Content of CowboyHunt Persistent Level
 |- Always loaded Actor Count: 1 
 |- Actor Path: /Game/Assets/CowboyHunt.CowboyHunt:PersistentLevel.WorldDataLayers
 |- Actor Package: /Game/__ExternalActors__/Assets/CowboyHunt/6/HX/I8K66BFSCVLQEIKV4BM4RN

----------------------------------------------------------------------------------------------------------------
CowboyHunt - Runtime Hash Set
----------------------------------------------------------------------------------------------------------------

