[+] Containers:
 |- [+] Container: /Game/NewMap
 |   |- [+] ActorDescs:
 |   |   |- Guid:2FE8E93B4992476BD32EFAA3B28F608C BaseClass: NativeClass:/Script/Engine.WorldDataLayers Name:WorldDataLayers Label:WorldDataLayers SpatiallyLoaded:0 Bounds:Invalid RuntimeGrid:None EditorOnly:0 RuntimeOnly:0 HLODRelevant:0 ListedInSceneOutliner:1 IsMainWorldOnly:1
 |   |- [+] Clusters:
 |   |   |- [+] [  0]
 |   |   |   |- Guid:2FE8E93B4992476BD32EFAA3B28F608C BaseClass: NativeClass:/Script/Engine.WorldDataLayers Name:WorldDataLayers Label:WorldDataLayers SpatiallyLoaded:0 Bounds:Invalid RuntimeGrid:None EditorOnly:0 RuntimeOnly:0 HLODRelevant:0 ListedInSceneOutliner:1 IsMainWorldOnly:1
 |- ContainerInstances:
 |- [+] MainContainer:
 |   |-        ID: 00000000000000000000000000000000
 |   |-  ParentID: 00000000000000000000000000000000
 |   |-    Bounds: IsValid=false, Min=(X=0.000 Y=0.000 Z=0.000), Max=(X=0.000 Y=0.000 Z=0.000)
 |   |- Transform: 0.000000,0.000000,0.000000|0.000000,0.000000,-0.000000|1.000000,1.000000,1.000000
 |   |- Container: /Game/NewMap
----------------------------------------------------------------------------------------------------------------
NewMap - Persistent Level
----------------------------------------------------------------------------------------------------------------
[+] Content of NewMap Persistent Level
 |- Always loaded Actor Count: 1 
 |- Actor Path: /Game/NewMap.NewMap:PersistentLevel.WorldDataLayers
 |- Actor Package: /Game/__ExternalActors__/NewMap/2/J7/QO5TQORWCXORVK1051S8GH

----------------------------------------------------------------------------------------------------------------
NewMap - Runtime Hash Set
----------------------------------------------------------------------------------------------------------------

